[villexdigital.com/index.html]
[backblue.gif]
[fade.gif]
[index.html]
[villexdigital.com/theme/agency-1/default/assets/img/logo/logo-icon.png]
[i.imgur.com/nTweee5.png]
[villexdigital.com/theme/agency-1/default/assets/img/icon/envalope.png]
[raw.githubusercontent.com/Pan-Raphael/villexdigital/main/others/logos/logo2-nobg.png]
[raw.githubusercontent.com/Pan-Raphael/villexdigital/main/others/image2-nobg.png]
[villexdigital.com/theme/agency-1/default/assets/img/service/1.png]
[villexdigital.com/theme/agency-1/default/assets/img/service/4.png]
[villexdigital.com/theme/agency-1/default/assets/img/service/6.png]
[villexdigital.com/theme/agency-1/default/assets/img/service/7.png]
[villexdigital.com/theme/agency-1/default/assets/img/service/8.png]
[villexdigital.com/theme/agency-1/default/assets/img/service/9.png]
[villexdigital.com/theme/agency-1/default/assets/img/service/10.png]
[villexdigital.com/theme/agency-1/default/assets/img/about/shape-wave.png]
[villexdigital.com/theme/agency-1/default/assets/img/about/shape-2.png]
[villexdigital.com/theme/agency-1/default/assets/img/about/shape-1.png]
[villexdigital.com/theme/agency-1/default/assets/img/about/patturn.png]
[villexdigital.com/theme/agency-1/default/assets/img/about/shape-ray.png]
[raw.githubusercontent.com/Pan-Raphael/villexdigital/main/others/image4.jpg]
[villexdigital.com/theme/agency-1/default/assets/img/analyze/1.png]
[villexdigital.com/theme/agency-1/default/assets/img/analyze/2.png]
[villexdigital.com/theme/agency-1/default/assets/img/analyze/3.png]
[villexdigital.com/theme/agency-1/default/assets/img/calculation/patturn.png]
[villexdigital.com/theme/agency-1/default/assets/img/service/11.png]
[villexdigital.com/theme/agency-1/default/assets/img/service/13.png]
[villexdigital.com/theme/agency-1/default/assets/img/service/16.png]
[villexdigital.com/theme/agency-1/default/assets/img/service/19.png]
[villexdigital.com/theme/agency-1/default/assets/img/feature/shape.png]
[villexdigital.com/theme/agency-1/default/assets/img/feature/1.png]
[villexdigital.com/theme/agency-1/default/assets/img/feature/2.png]
[villexdigital.com/theme/agency-1/default/assets/img/feature/3.png]
[villexdigital.com/theme/agency-1/default/assets/img/feature/4.png]
[villexdigital.com/theme/agency-1/default/assets/img/feature/5.png]
[assets.calendly.com/assets/external/widget.js]
[villexdigital.com/theme/agency-1/default/assets/img/contact/icon.png]
[villexdigital.com/theme/agency-1/default/assets/js/nice-select2.js]
[villexdigital.com/theme/agency-1/default/assets/js/main.js]
[villexdigital.com/index.html]
[villexdigital.com/theme/agency-1/default/assets/css/bootstrap.min.css]
[villexdigital.com/theme/agency-1/default/assets/css/nice-select2.css]
[villexdigital.com/theme/agency-1/default/assets/css/style.css]
[villexdigital.com/theme/agency-1/default/assets/css/responsive.css]
[villexdigital.com/theme/agency-1/default/assets/img/logo/logo.svg]
[villexdigital.com/theme/agency-1/default/assets/img/hero/starts.svg]
[villexdigital.com/theme/agency-1/default/assets/img/hero/shape-1.svg]
[villexdigital.com/theme/agency-1/default/assets/img/hero/circle-icon.svg]
[villexdigital.com/theme/agency-1/default/assets/img/hero/shape-2.svg]
[villexdigital.com/theme/agency-1/default/assets/img/hero/graph.svg]
[villexdigital.com/theme/agency-1/default/assets/img/hero/social.svg]
[villexdigital.com/theme/agency-1/default/assets/img/hero/follower.svg]
[villexdigital.com/theme/agency-1/default/assets/img/hero/rays.svg]
[villexdigital.com/theme/agency-1/default/assets/img/analyze/star.svg]
[villexdigital.com/theme/agency-1/default/assets/img/analyze/line.svg]
[villexdigital.com/theme/agency-1/default/assets/img/analyze/2.svg]
[villexdigital.com/theme/agency-1/default/assets/img/analyze/3.svg]
[villexdigital.com/theme/agency-1/default/assets/img/analyze/1.svg]
[villexdigital.com/theme/agency-1/default/assets/img/feature/dash-long-arrow.svg]
